/*
 * In order to guarantee that static and shared archs see the same "public"
 * symbols, this file should always include all the non-static symbols that
 * are in the application namespace.  So, if a symbol starts with a letter,
 * don't delete it from here without either making it static or renaming it
 * to have a leading underbar.
 */

{
	global:
		bcrypt_pbkdf;
		ber_add_bitstring;
		ber_add_boolean;
		ber_add_enumerated;
		ber_add_eoc;
		ber_add_integer;
		ber_add_noid;
		ber_add_nstring;
		ber_add_null;
		ber_add_oid;
		ber_add_oidstring;
		ber_add_ostring;
		ber_add_sequence;
		ber_add_set;
		ber_add_string;
		ber_calc_len;
		ber_free;
		ber_free_element;
		ber_free_elements;
		ber_get_bitstring;
		ber_get_boolean;
		ber_get_element;
		ber_get_enumerated;
		ber_get_eoc;
		ber_get_integer;
		ber_get_nstring;
		ber_get_null;
		ber_get_oid;
		ber_get_ostring;
		ber_get_string;
		ber_get_writebuf;
		ber_getpos;
		ber_link_elements;
		ber_oid2ber;
		ber_oid_cmp;
		ber_printf_elements;
		ber_read_elements;
		ber_replace_elements;
		ber_scanf_elements;
		ber_set_application;
		ber_set_header;
		ber_set_readbuf;
		ber_set_writecallback;
		ber_string2oid;
		ber_unlink_elements;
		ber_write_elements;
		fdforkpty;
		fdopenpty;
		fmt_scaled;
		forkpty;
		fparseln;
		getmaxpartitions;
		getptmfd;
		getrawpartition;
		ibuf_add;
		ibuf_close;
		ibuf_dynamic;
		ibuf_free;
		ibuf_left;
		ibuf_open;
		ibuf_reserve;
		ibuf_seek;
		ibuf_size;
		ibuf_write;
		imsg_add;
		imsg_clear;
		imsg_close;
		imsg_compose;
		imsg_composev;
		imsg_create;
		imsg_fd_overhead;
		imsg_flush;
		imsg_free;
		imsg_get;
		imsg_init;
		imsg_read;
		isduid;
		login;
		login_check_expire;
		login_fbtab;
		login_tty;
		logout;
		logwtmp;
		msgbuf_clear;
		msgbuf_drain;
		msgbuf_init;
		msgbuf_write;
		ohash_create_entry;
		ohash_delete;
		ohash_entries;
		ohash_find;
		ohash_first;
		ohash_init;
		ohash_insert;
		ohash_interval;
		ohash_lookup_interval;
		ohash_lookup_memory;
		ohash_next;
		ohash_qlookup;
		ohash_qlookupi;
		ohash_remove;
		opendev;
		opendisk;
		openpty;
		pidfile;
		pkcs5_pbkdf2;
		pw_abort;
		pw_copy;
		pw_edit;
		pw_error;
		pw_file;
		pw_init;
		pw_lock;
		pw_mkdb;
		pw_prompt;
		pw_scan;
		pw_setdir;
		readlabelfs;
		scan_scaled;
		uu_lock;
		uu_lock_txfr;
		uu_lockerr;
		uu_unlock;

	local:
		*;
};
