________________________X________________________
_______________________X_X_______________________
______________________X___X______________________
_____________________X_X_X_X_____________________
____________________X_______X____________________
___________________X_X_____X_X___________________
__________________X___X___X___X__________________
_________________X_X_X_X_X_X_X_X_________________
________________X_______________X________________
_______________X_X_____________X_X_______________
______________X___X___________X___X______________
_____________X_X_X_X_________X_X_X_X_____________
____________X_______X_______X_______X____________
___________X_X_____X_X_____X_X_____X_X___________
__________X___X___X___X___X___X___X___X__________
_________X_X_X_X_X_X_X_X_X_X_X_X_X_X_X_X_________
________X_______________________________X________
_______X_X_____________________________X_X_______
______X___X___________________________X___X______
_____X_X_X_X_________________________X_X_X_X_____
____X_______X_______________________X_______X____
___X_X_____X_X_____________________X_X_____X_X___
__X___X___X___X___________________X___X___X___X__
_X_X_X_X_X_X_X_X_________________X_X_X_X_X_X_X_X_
X_______________X_______________X_______________X
